Copyright 1986-2014 Xilinx, Inc. All Rights Reserved.
-------------------------------------------------------------------------------------------------------------
| Tool Version     : Vivado v.2014.4 (win64) Build 1071353 Tue Nov 18 18:24:04 MST 2014
| Date             : Wed May 27 16:21:24 2015
| Host             : VLAB-022 running 64-bit Service Pack 1  (build 7601)
| Command          : report_power -file lab3top_power_routed.rpt -pb lab3top_power_summary_routed.pb
| Design           : lab3top
| Device           : xc7a35tcpg236-1
| Design State     : Routed
| Grade            : commercial
| Process          : typical
| Characterization : Production
-------------------------------------------------------------------------------------------------------------

Power Report

Table of Contents
-----------------
1. Summary
1.1 On-Chip Components
1.2 Power Supply Summary
1.3 Confidence Level
2. Settings
2.1 Environment
2.2 Clock Constraints
3. Detailed Reports
3.1 By Hierarchy

1. Summary
----------

+--------------------------+--------+
| Total On-Chip Power (W)  | 0.270  |
| Dynamic (W)              | 0.197  |
| Device Static (W)        | 0.073  |
| Effective TJA (C/W)      | 5.0    |
| Max Ambient (C)          | 83.7   |
| Junction Temperature (C) | 26.3   |
| Confidence Level         | Medium |
| Setting File             | ---    |
| Simulation Activity File | ---    |
| Design Nets Matched      | NA     |
+--------------------------+--------+


1.1 On-Chip Components
----------------------

+--------------------------+-----------+----------+-----------+-----------------+
| On-Chip                  | Power (W) | Used     | Available | Utilization (%) |
+--------------------------+-----------+----------+-----------+-----------------+
| Clocks                   |     0.008 |       10 |       --- |             --- |
| Slice Logic              |     0.007 |     3013 |       --- |             --- |
|   LUT as Logic           |     0.006 |      857 |     20800 |            4.12 |
|   Register               |    <0.001 |     1420 |     41600 |            3.41 |
|   LUT as Distributed RAM |    <0.001 |       32 |      9600 |            0.33 |
|   CARRY4                 |    <0.001 |       64 |      8150 |            0.78 |
|   LUT as Shift Register  |    <0.001 |       72 |      9600 |            0.75 |
|   F7/F8 Muxes            |    <0.001 |       42 |     32600 |            0.12 |
|   BUFG                   |    <0.001 |        1 |        32 |            3.12 |
|   Others                 |     0.000 |      240 |       --- |             --- |
| Signals                  |     0.010 |     2511 |       --- |             --- |
| Block RAM                |     0.036 |      9.5 |        50 |           19.00 |
| MMCM                     |     0.106 |        1 |         5 |           20.00 |
| DSPs                     |     0.013 |       15 |        90 |           16.66 |
| I/O                      |     0.009 |       24 |       106 |           22.64 |
| Static Power             |     0.073 |          |           |                 |
| Total                    |     0.270 |          |           |                 |
+--------------------------+-----------+----------+-----------+-----------------+


1.2 Power Supply Summary
------------------------

+-----------+-------------+-----------+-------------+------------+
| Source    | Voltage (V) | Total (A) | Dynamic (A) | Static (A) |
+-----------+-------------+-----------+-------------+------------+
| Vccint    |       1.000 |     0.090 |       0.080 |      0.010 |
| Vccaux    |       1.800 |     0.072 |       0.059 |      0.013 |
| Vcco33    |       3.300 |     0.004 |       0.003 |      0.001 |
| Vcco25    |       2.500 |     0.000 |       0.000 |      0.000 |
| Vcco18    |       1.800 |     0.000 |       0.000 |      0.000 |
| Vcco15    |       1.500 |     0.000 |       0.000 |      0.000 |
| Vcco135   |       1.350 |     0.000 |       0.000 |      0.000 |
| Vcco12    |       1.200 |     0.000 |       0.000 |      0.000 |
| Vccaux_io |       1.800 |     0.000 |       0.000 |      0.000 |
| Vccbram   |       1.000 |     0.003 |       0.003 |      0.000 |
| MGTAVcc   |       1.000 |     0.000 |       0.000 |      0.000 |
| MGTAVtt   |       1.200 |     0.000 |       0.000 |      0.000 |
| Vccadc    |       1.800 |     0.020 |       0.000 |      0.020 |
+-----------+-------------+-----------+-------------+------------+


1.3 Confidence Level
--------------------

+-----------------------------+------------+--------------------------------------------------------+--------------------------------------------------------------------------------------------------------------------+
| User Input Data             | Confidence | Details                                                | Action                                                                                                             |
+-----------------------------+------------+--------------------------------------------------------+--------------------------------------------------------------------------------------------------------------------+
| Design implementation state | High       | Design is routed                                       |                                                                                                                    |
| Clock nodes activity        | Medium     | More than 5% of clocks are missing user specification  | Provide missing clock activity with a constraint file, simulation results or by editing the "By Clock Domain" view |
| I/O nodes activity          | Medium     | More than 25% of inputs are missing user specification | Provide missing input activity with simulation results or by editing the "By Resource Type -> I/Os" view           |
| Internal nodes activity     | Medium     | User specified less than 25% of internal nodes         | Provide missing internal nodes activity with simulation results or by editing the "By Resource Type" views         |
| Device models               | High       | Device models are Production                           |                                                                                                                    |
|                             |            |                                                        |                                                                                                                    |
| Overall confidence level    | Medium     |                                                        |                                                                                                                    |
+-----------------------------+------------+--------------------------------------------------------+--------------------------------------------------------------------------------------------------------------------+


2. Settings
-----------

2.1 Environment
---------------

+-----------------------+--------------------------+
| Ambient Temp (C)      | 25.0                     |
| ThetaJA (C/W)         | 5.0                      |
| Airflow (LFM)         | 250                      |
| Heat Sink             | medium (Medium Profile)  |
| ThetaSA (C/W)         | 4.6                      |
| Board Selection       | medium (10"x10")         |
| # of Board Layers     | 12to15 (12 to 15 Layers) |
| Board Temperature (C) | 25.0                     |
+-----------------------+--------------------------+


2.2 Clock Constraints
---------------------

+-----------------+----------------------------------+-----------------+
| Clock           | Domain                           | Constraint (ns) |
+-----------------+----------------------------------+-----------------+
| clk             | clk                              |            10.0 |
| clk_out1_MMCM   | SPIClkGenerator/U0/clk_out1_MMCM |            10.0 |
| clk_out1_MMCM_1 | SPIClkGenerator/U0/clk_out1_MMCM |            10.0 |
| clk_out2_MMCM   | SPIClkGenerator/U0/clk_out2_MMCM |            50.0 |
| clk_out2_MMCM_1 | SPIClkGenerator/U0/clk_out2_MMCM |            50.0 |
| clkfbout_MMCM   | SPIClkGenerator/U0/clkfbout_MMCM |            10.0 |
| clkfbout_MMCM_1 | SPIClkGenerator/U0/clkfbout_MMCM |            10.0 |
| sys_clk_pin     | clk                              |            10.0 |
+-----------------+----------------------------------+-----------------+


3. Detailed Reports
-------------------

3.1 By Hierarchy
----------------

+------------------------------------------------------------------------------------------------------------------------------+-----------+
| Name                                                                                                                         | Power (W) |
+------------------------------------------------------------------------------------------------------------------------------+-----------+
| lab3top                                                                                                                      |     0.190 |
|   Receiver                                                                                                                   |     0.056 |
|     ADCInFace                                                                                                                |    <0.001 |
|     CarriageRecoveryLoop                                                                                                     |     0.045 |
|       SinCosLUT                                                                                                              |     0.036 |
|         U0                                                                                                                   |     0.036 |
|           i_synth                                                                                                            |     0.036 |
|             i_dds                                                                                                            |     0.035 |
|               I_SINCOS.i_std_rom.i_rom                                                                                       |     0.035 |
|                 i_rtl.i_quarter_table.i_addr_reg_c                                                                           |    <0.001 |
|                 i_rtl.i_quarter_table.i_phase_or.i_phase_in_zero_del                                                         |    <0.001 |
|                 i_rtl.i_quarter_table.i_piped_map.i_cardinal_cos_ls                                                          |    <0.001 |
|                 i_rtl.i_quarter_table.i_piped_map.i_cardinal_cos_ms                                                          |    <0.001 |
|                 i_rtl.i_quarter_table.i_piped_map.i_cardinal_sin_ls                                                          |    <0.001 |
|                 i_rtl.i_quarter_table.i_piped_map.i_cardinal_sin_ms                                                          |    <0.001 |
|                 i_rtl.i_quarter_table.i_piped_map.i_original_cos_ls                                                          |    <0.001 |
|                 i_rtl.i_quarter_table.i_piped_map.i_original_cos_ms                                                          |    <0.001 |
|                 i_rtl.i_quarter_table.i_piped_map.i_original_sin_ls                                                          |    <0.001 |
|                 i_rtl.i_quarter_table.i_piped_map.i_original_sin_ms                                                          |    <0.001 |
|             i_has_nd_rdy_pipe.valid_phase_read_del                                                                           |    <0.001 |
|     Debug_PassThroughDAC                                                                                                     |    <0.001 |
|     IQToChar                                                                                                                 |    <0.001 |
|     MF_i                                                                                                                     |     0.004 |
|       fircompiler                                                                                                            |     0.004 |
|         U0                                                                                                                   |     0.004 |
|           i_synth                                                                                                            |     0.004 |
|             g_single_rate.i_single_rate                                                                                      |     0.004 |
|               g_semi_parallel_and_smac.g_cntrl_signals[3].i_delay                                                            |    <0.001 |
|               g_semi_parallel_and_smac.g_cntrl_signals[7].i_delay                                                            |    <0.001 |
|               g_semi_parallel_and_smac.g_cntrl_signals[8].i_delay                                                            |    <0.001 |
|               g_semi_parallel_and_smac.g_cntrl_signals[9].i_delay                                                            |    <0.001 |
|               g_semi_parallel_and_smac.g_paths[0].g_data_array.g_madd[0].g_coln_cntrl_and_addr[0].i_coln_cntrl_and_addr      |     0.000 |
|               g_semi_parallel_and_smac.g_paths[0].g_data_array.g_madd[0].g_wrap_buff.i_data_wrap_buff                        |    <0.001 |
|                 g_buff.i_buff                                                                                                |    <0.001 |
|               g_semi_parallel_and_smac.g_paths[0].g_mem_array[0].i_mem                                                       |     0.002 |
|                 g_packed.g_true_dual_port.i_mem                                                                              |     0.002 |
|               g_semi_parallel_and_smac.g_paths[0].g_mem_array[1].i_mem                                                       |    <0.001 |
|                 g_individual.i_mem_a                                                                                         |    <0.001 |
|               g_semi_parallel_and_smac.g_paths[0].g_smac.i_maccum                                                            |    <0.001 |
|                 i_addsub_mult_accum                                                                                          |    <0.001 |
|               g_semi_parallel_and_smac.i_accumulate                                                                          |    <0.001 |
|               g_semi_parallel_and_smac.i_cntrl_coef_addr                                                                     |    <0.001 |
|               g_semi_parallel_and_smac.i_data_in                                                                             |    <0.001 |
|               g_semi_parallel_and_smac.i_latch_op                                                                            |    <0.001 |
|               g_semi_parallel_and_smac.i_load                                                                                |    <0.001 |
|     MF_q                                                                                                                     |     0.004 |
|       fircompiler                                                                                                            |     0.004 |
|         U0                                                                                                                   |     0.004 |
|           i_synth                                                                                                            |     0.004 |
|             g_single_rate.i_single_rate                                                                                      |     0.004 |
|               g_semi_parallel_and_smac.g_cntrl_signals[3].i_delay                                                            |    <0.001 |
|               g_semi_parallel_and_smac.g_cntrl_signals[7].i_delay                                                            |    <0.001 |
|               g_semi_parallel_and_smac.g_cntrl_signals[8].i_delay                                                            |    <0.001 |
|               g_semi_parallel_and_smac.g_cntrl_signals[9].i_delay                                                            |    <0.001 |
|               g_semi_parallel_and_smac.g_paths[0].g_data_array.g_madd[0].g_coln_cntrl_and_addr[0].i_coln_cntrl_and_addr      |     0.000 |
|               g_semi_parallel_and_smac.g_paths[0].g_data_array.g_madd[0].g_wrap_buff.i_data_wrap_buff                        |    <0.001 |
|                 g_buff.i_buff                                                                                                |    <0.001 |
|               g_semi_parallel_and_smac.g_paths[0].g_mem_array[0].i_mem                                                       |     0.002 |
|                 g_packed.g_true_dual_port.i_mem                                                                              |     0.002 |
|               g_semi_parallel_and_smac.g_paths[0].g_mem_array[1].i_mem                                                       |    <0.001 |
|                 g_individual.i_mem_a                                                                                         |    <0.001 |
|               g_semi_parallel_and_smac.g_paths[0].g_smac.i_maccum                                                            |    <0.001 |
|                 i_addsub_mult_accum                                                                                          |    <0.001 |
|               g_semi_parallel_and_smac.i_accumulate                                                                          |    <0.001 |
|               g_semi_parallel_and_smac.i_cntrl_coef_addr                                                                     |    <0.001 |
|               g_semi_parallel_and_smac.i_data_in                                                                             |    <0.001 |
|               g_semi_parallel_and_smac.i_latch_op                                                                            |    <0.001 |
|               g_semi_parallel_and_smac.i_load                                                                                |    <0.001 |
|     QPSK_Demodulator                                                                                                         |    <0.001 |
|     Transmitter                                                                                                              |    <0.001 |
|   SPIClkGenerator                                                                                                            |     0.106 |
|     U0                                                                                                                       |     0.106 |
|   Transmitter                                                                                                                |     0.018 |
|     CharacterToIQ                                                                                                            |     0.001 |
|       CharBuffer                                                                                                             |    <0.001 |
|         CharacterFIFO                                                                                                        |    <0.001 |
|           U0                                                                                                                 |    <0.001 |
|             inst_fifo_gen                                                                                                    |    <0.001 |
|               gconvfifo.rf                                                                                                   |    <0.001 |
|                 grf.rf                                                                                                       |    <0.001 |
|                   gntv_or_sync_fifo.gl0.rd                                                                                   |    <0.001 |
|                     grss.rsts                                                                                                |    <0.001 |
|                     rpntr                                                                                                    |    <0.001 |
|                   gntv_or_sync_fifo.gl0.wr                                                                                   |    <0.001 |
|                     gwss.wsts                                                                                                |    <0.001 |
|                     wpntr                                                                                                    |    <0.001 |
|                   gntv_or_sync_fifo.mem                                                                                      |    <0.001 |
|                     gbm.gbmg.gbmga.ngecc.bmg                                                                                 |    <0.001 |
|                       inst_blk_mem_gen                                                                                       |    <0.001 |
|                         gnativebmg.native_blk_mem_gen                                                                        |    <0.001 |
|                           valid.cstr                                                                                         |    <0.001 |
|                             ramloop[0].ram.r                                                                                 |    <0.001 |
|                               prim_noinit.ram                                                                                |    <0.001 |
|       Serializer                                                                                                             |    <0.001 |
|     DACInterface                                                                                                             |    <0.001 |
|     Display                                                                                                                  |    <0.001 |
|     PSF_I                                                                                                                    |     0.006 |
|       PulseFilter                                                                                                            |     0.006 |
|         U0                                                                                                                   |     0.006 |
|           i_synth                                                                                                            |     0.006 |
|             g_polyphase_interpolation.i_polyphase_interpolation                                                              |     0.006 |
|               g_opbuff.i_buffer                                                                                              |    <0.001 |
|                 gen_dram.ram_reg_0_31_14_14                                                                                  |    <0.001 |
|                 gen_dram.ram_reg_0_31_15_15                                                                                  |    <0.001 |
|                 gen_dram.ram_reg_0_31_16_16                                                                                  |    <0.001 |
|                 gen_dram.ram_reg_0_31_17_17                                                                                  |    <0.001 |
|                 gen_dram.ram_reg_0_31_18_18                                                                                  |    <0.001 |
|                 gen_dram.ram_reg_0_31_19_19                                                                                  |    <0.001 |
|                 gen_dram.ram_reg_0_31_20_20                                                                                  |    <0.001 |
|                 gen_dram.ram_reg_0_31_21_21                                                                                  |    <0.001 |
|                 gen_dram.ram_reg_0_31_22_22                                                                                  |    <0.001 |
|                 gen_dram.ram_reg_0_31_23_23                                                                                  |    <0.001 |
|                 gen_dram.ram_reg_0_31_24_24                                                                                  |    <0.001 |
|                 gen_dram.ram_reg_0_31_25_25                                                                                  |    <0.001 |
|                 gen_dram.ram_reg_0_31_26_26                                                                                  |    <0.001 |
|                 gen_dram.ram_reg_0_31_27_27                                                                                  |    <0.001 |
|                 gen_dram.ram_reg_0_31_28_28                                                                                  |    <0.001 |
|                 gen_dram.ram_reg_0_31_29_29                                                                                  |    <0.001 |
|               g_opbuff.i_latch_op_src_sel                                                                                    |    <0.001 |
|               g_semi_parallel_and_smac.g_cntrl_signals[10].g_addsub.i_delay                                                  |    <0.001 |
|               g_semi_parallel_and_smac.g_cntrl_signals[7].g_others.i_delay_cntrl_data                                        |    <0.001 |
|               g_semi_parallel_and_smac.g_cntrl_signals[9].g_addsup.i_delay                                                   |    <0.001 |
|               g_semi_parallel_and_smac.g_latch_op_sym_pair.i_latch_op                                                        |    <0.001 |
|               g_semi_parallel_and_smac.g_latch_op_sym_pair.i_opbuff_cntrl                                                    |    <0.001 |
|               g_semi_parallel_and_smac.g_latch_op_sym_pair.i_opbuff_phase_max                                                |    <0.001 |
|               g_semi_parallel_and_smac.g_latch_op_sym_pair.i_store_result                                                    |    <0.001 |
|               g_semi_parallel_and_smac.g_paths[0].g_data_array.g_madd[0].g_coln_cntrl_and_addr[0].i_coln_cntrl_data_and_addr |     0.000 |
|               g_semi_parallel_and_smac.g_paths[0].g_data_array.g_madd[0].g_coln_cntrl_and_addr[0].i_coln_cntrl_data_sym      |     0.000 |
|               g_semi_parallel_and_smac.g_paths[0].g_data_array.g_madd[0].g_wrap_buff.i_data_wrap_buff                        |    <0.001 |
|                 g_buff.i_buff                                                                                                |    <0.001 |
|               g_semi_parallel_and_smac.g_paths[0].g_madd_array_and_accum.g_accum.i_accum                                     |     0.001 |
|                 i_add_accum                                                                                                  |     0.001 |
|               g_semi_parallel_and_smac.g_paths[0].g_madd_array_and_accum.g_madd[0].g_add_bypass.i_pre_add_bypass             |     0.000 |
|               g_semi_parallel_and_smac.g_paths[0].g_madd_array_and_accum.g_madd[0].g_addsub.i_pre_add_addsub                 |     0.000 |
|               g_semi_parallel_and_smac.g_paths[0].g_madd_array_and_accum.g_madd[0].g_coef.i_coef_addr                        |     0.000 |
|               g_semi_parallel_and_smac.g_paths[0].g_madd_array_and_accum.g_madd[0].i_madd                                    |     0.001 |
|                 i_addsub_mult_add                                                                                            |     0.001 |
|               g_semi_parallel_and_smac.g_paths[0].g_mem_array[0].i_mem                                                       |    <0.001 |
|                 g_individual.g_mem_b.i_mem_b                                                                                 |    <0.001 |
|                 g_individual.i_mem_a                                                                                         |    <0.001 |
|               g_semi_parallel_and_smac.g_paths[0].g_mem_array[1].i_mem                                                       |    <0.001 |
|                 g_individual.i_mem_a                                                                                         |    <0.001 |
|               g_semi_parallel_and_smac.i_accumulate                                                                          |    <0.001 |
|               g_semi_parallel_and_smac.i_accumulate_last                                                                     |    <0.001 |
|               g_semi_parallel_and_smac.i_cntrl_coef_addr                                                                     |    <0.001 |
|               g_semi_parallel_and_smac.i_data_in                                                                             |    <0.001 |
|               g_semi_parallel_and_smac.i_first_phase_dly                                                                     |    <0.001 |
|               g_semi_parallel_and_smac.i_load                                                                                |    <0.001 |
|               g_semi_parallel_and_smac.i_phase_2lst_dly                                                                      |    <0.001 |
|               g_semi_parallel_and_smac.i_phase_max_dly                                                                       |    <0.001 |
|     PSF_Q                                                                                                                    |     0.005 |
|       PulseFilter                                                                                                            |     0.005 |
|         U0                                                                                                                   |     0.005 |
|           i_synth                                                                                                            |     0.005 |
|             g_polyphase_interpolation.i_polyphase_interpolation                                                              |     0.005 |
|               g_opbuff.i_buffer                                                                                              |    <0.001 |
|                 gen_dram.ram_reg_0_31_14_14                                                                                  |    <0.001 |
|                 gen_dram.ram_reg_0_31_15_15                                                                                  |    <0.001 |
|                 gen_dram.ram_reg_0_31_16_16                                                                                  |    <0.001 |
|                 gen_dram.ram_reg_0_31_17_17                                                                                  |    <0.001 |
|                 gen_dram.ram_reg_0_31_18_18                                                                                  |    <0.001 |
|                 gen_dram.ram_reg_0_31_19_19                                                                                  |    <0.001 |
|                 gen_dram.ram_reg_0_31_20_20                                                                                  |    <0.001 |
|                 gen_dram.ram_reg_0_31_21_21                                                                                  |    <0.001 |
|                 gen_dram.ram_reg_0_31_22_22                                                                                  |    <0.001 |
|                 gen_dram.ram_reg_0_31_23_23                                                                                  |    <0.001 |
|                 gen_dram.ram_reg_0_31_24_24                                                                                  |    <0.001 |
|                 gen_dram.ram_reg_0_31_25_25                                                                                  |    <0.001 |
|                 gen_dram.ram_reg_0_31_26_26                                                                                  |    <0.001 |
|                 gen_dram.ram_reg_0_31_27_27                                                                                  |    <0.001 |
|                 gen_dram.ram_reg_0_31_28_28                                                                                  |    <0.001 |
|                 gen_dram.ram_reg_0_31_29_29                                                                                  |    <0.001 |
|               g_opbuff.i_latch_op_src_sel                                                                                    |    <0.001 |
|               g_semi_parallel_and_smac.g_cntrl_signals[10].g_addsub.i_delay                                                  |    <0.001 |
|               g_semi_parallel_and_smac.g_cntrl_signals[7].g_others.i_delay_cntrl_data                                        |    <0.001 |
|               g_semi_parallel_and_smac.g_cntrl_signals[9].g_addsup.i_delay                                                   |    <0.001 |
|               g_semi_parallel_and_smac.g_latch_op_sym_pair.i_latch_op                                                        |    <0.001 |
|               g_semi_parallel_and_smac.g_latch_op_sym_pair.i_opbuff_cntrl                                                    |    <0.001 |
|               g_semi_parallel_and_smac.g_latch_op_sym_pair.i_opbuff_phase_max                                                |    <0.001 |
|               g_semi_parallel_and_smac.g_latch_op_sym_pair.i_store_result                                                    |    <0.001 |
|               g_semi_parallel_and_smac.g_paths[0].g_data_array.g_madd[0].g_coln_cntrl_and_addr[0].i_coln_cntrl_data_and_addr |     0.000 |
|               g_semi_parallel_and_smac.g_paths[0].g_data_array.g_madd[0].g_coln_cntrl_and_addr[0].i_coln_cntrl_data_sym      |     0.000 |
|               g_semi_parallel_and_smac.g_paths[0].g_data_array.g_madd[0].g_wrap_buff.i_data_wrap_buff                        |    <0.001 |
|                 g_buff.i_buff                                                                                                |    <0.001 |
|               g_semi_parallel_and_smac.g_paths[0].g_madd_array_and_accum.g_accum.i_accum                                     |     0.001 |
|                 i_add_accum                                                                                                  |     0.001 |
|               g_semi_parallel_and_smac.g_paths[0].g_madd_array_and_accum.g_madd[0].g_add_bypass.i_pre_add_bypass             |     0.000 |
|               g_semi_parallel_and_smac.g_paths[0].g_madd_array_and_accum.g_madd[0].g_addsub.i_pre_add_addsub                 |     0.000 |
|               g_semi_parallel_and_smac.g_paths[0].g_madd_array_and_accum.g_madd[0].g_coef.i_coef_addr                        |     0.000 |
|               g_semi_parallel_and_smac.g_paths[0].g_madd_array_and_accum.g_madd[0].i_madd                                    |     0.001 |
|                 i_addsub_mult_add                                                                                            |     0.001 |
|               g_semi_parallel_and_smac.g_paths[0].g_mem_array[0].i_mem                                                       |    <0.001 |
|                 g_individual.g_mem_b.i_mem_b                                                                                 |    <0.001 |
|                 g_individual.i_mem_a                                                                                         |    <0.001 |
|               g_semi_parallel_and_smac.g_paths[0].g_mem_array[1].i_mem                                                       |    <0.001 |
|                 g_individual.i_mem_a                                                                                         |    <0.001 |
|               g_semi_parallel_and_smac.i_accumulate                                                                          |    <0.001 |
|               g_semi_parallel_and_smac.i_accumulate_last                                                                     |    <0.001 |
|               g_semi_parallel_and_smac.i_cntrl_coef_addr                                                                     |    <0.001 |
|               g_semi_parallel_and_smac.i_data_in                                                                             |    <0.001 |
|               g_semi_parallel_and_smac.i_first_phase_dly                                                                     |    <0.001 |
|               g_semi_parallel_and_smac.i_load                                                                                |    <0.001 |
|               g_semi_parallel_and_smac.i_phase_2lst_dly                                                                      |    <0.001 |
|               g_semi_parallel_and_smac.i_phase_max_dly                                                                       |    <0.001 |
|     QPSK_Modulator                                                                                                           |     0.005 |
|       DDSModulator                                                                                                           |     0.002 |
|         U0                                                                                                                   |     0.002 |
|           i_synth                                                                                                            |     0.002 |
|             i_dds                                                                                                            |     0.002 |
|               I_PHASEGEN.i_conventional_accum.i_accum                                                                        |    <0.001 |
|                 i_fabric.i_common.i_phase_acc                                                                                |    <0.001 |
|                 i_fabric.i_one_channel.i_accum                                                                               |    <0.001 |
|               I_PHASEGEN.i_conventional_accum.i_dither.i_dither                                                              |    <0.001 |
|               I_PHASEGEN.i_conventional_accum.i_fabric.i_dither_add.i_dither_add                                             |    <0.001 |
|               I_PHASEGEN.i_conventional_accum.i_fabric.i_dither_pipe                                                         |    <0.001 |
|               I_PHASEGEN.i_conventional_accum.i_fabric.i_ph_adj_pipe                                                         |    <0.001 |
|               I_SINCOS.i_std_rom.i_rom                                                                                       |     0.002 |
|                 i_rtl.i_quarter_table.i_addr_reg_c                                                                           |    <0.001 |
|                 i_rtl.i_quarter_table.i_piped_map.i_cardinal_cos_ls                                                          |    <0.001 |
|                 i_rtl.i_quarter_table.i_piped_map.i_cardinal_cos_ms                                                          |    <0.001 |
|                 i_rtl.i_quarter_table.i_piped_map.i_cardinal_sin_ls                                                          |    <0.001 |
|                 i_rtl.i_quarter_table.i_piped_map.i_cardinal_sin_ms                                                          |    <0.001 |
|                 i_rtl.i_quarter_table.i_piped_map.i_original_cos_ls                                                          |    <0.001 |
|                 i_rtl.i_quarter_table.i_piped_map.i_original_cos_ms                                                          |    <0.001 |
|                 i_rtl.i_quarter_table.i_piped_map.i_original_sin_ls                                                          |    <0.001 |
|                 i_rtl.i_quarter_table.i_piped_map.i_original_sin_ms                                                          |    <0.001 |
|             i_has_nd_rdy_pipe.valid_phase_read_del                                                                           |     0.000 |
|     Receiver                                                                                                                 |    <0.001 |
+------------------------------------------------------------------------------------------------------------------------------+-----------+


