Copyright 1986-2014 Xilinx, Inc. All Rights Reserved.
------------------------------------------------------------------------------------
| Tool Version : Vivado v.2014.4 (win64) Build 1071353 Tue Nov 18 18:29:27 MST 2014
| Date         : Tue May 19 16:39:45 2015
| Host         : MECHA-2 running 64-bit Service Pack 1  (build 7601)
| Command      : report_control_sets -verbose -file lab3top_control_sets_placed.rpt
| Design       : lab3top
| Device       : xc7a35t
------------------------------------------------------------------------------------

Control Set Information

Table of Contents
-----------------
1. Summary
2. Flip-Flop Distribution
3. Detailed Control Set Information

1. Summary
----------

+-------------------------------------------------------------------+-------+
|                               Status                              | Count |
+-------------------------------------------------------------------+-------+
| Number of unique control sets                                     |    61 |
| Minimum Number of register sites lost to control set restrictions |   122 |
+-------------------------------------------------------------------+-------+


2. Flip-Flop Distribution
-------------------------

+--------------+-----------------------+------------------------+-----------------+--------------+
| Clock Enable | Synchronous Set/Reset | Asynchronous Set/Reset | Total Registers | Total Slices |
+--------------+-----------------------+------------------------+-----------------+--------------+
| No           | No                    | No                     |             764 |          213 |
| No           | No                    | Yes                    |               0 |            0 |
| No           | Yes                   | No                     |              48 |           15 |
| Yes          | No                    | No                     |             262 |           77 |
| Yes          | No                    | Yes                    |               0 |            0 |
| Yes          | Yes                   | No                     |             196 |           62 |
+--------------+-----------------------+------------------------+-----------------+--------------+


3. Detailed Control Set Information
-----------------------------------

+------------------------------------------------------------------------------------------------------------------+----------------------------------------------------------------------------------------------------------------------------------------------------------------------------------+----------------------------------------------------------------------------------------------------------------------------------------------------------------+------------------+----------------+
|                                                   Clock Signal                                                   |                                                                                   Enable Signal                                                                                  |                                                                        Set/Reset Signal                                                                        | Slice Load Count | Bel Load Count |
+------------------------------------------------------------------------------------------------------------------+----------------------------------------------------------------------------------------------------------------------------------------------------------------------------------+----------------------------------------------------------------------------------------------------------------------------------------------------------------+------------------+----------------+
|  modemRx_in_sampleClk_BUFG                                                                                       |                                                                                                                                                                                  |                                                                                                                                                                |                1 |              1 |
|  Transmitter/CharacterToIQ/Serializer/n_0_serI_reg_i_2                                                           |                                                                                                                                                                                  |                                                                                                                                                                |                1 |              2 |
|  SPIClkGenerator/U0/clk_out1                                                                                     |                                                                                                                                                                                  | Transmitter/PSF_Q/PulseFilter/U0/i_synth/g_polyphase_interpolation.i_polyphase_interpolation/n_0_g_semi_parallel_and_smac.phase_cnt[3]_i_1                     |                1 |              4 |
|  SPIClkGenerator/U0/clk_out1                                                                                     |                                                                                                                                                                                  | Transmitter/PSF_I/PulseFilter/U0/i_synth/g_polyphase_interpolation.i_polyphase_interpolation/n_0_g_semi_parallel_and_smac.phase_cnt[3]_i_1                     |                1 |              4 |
|  SPIClkGenerator/U0/clk_out1                                                                                     | Transmitter/PSF_Q/PulseFilter/U0/i_synth/g_polyphase_interpolation.i_polyphase_interpolation/g_semi_parallel_and_smac.g_latch_op_sym_pair.i_opbuff_cntrl/E[0]                    | Transmitter/PSF_Q/PulseFilter/U0/i_synth/g_polyphase_interpolation.i_polyphase_interpolation/g_semi_parallel_and_smac.g_latch_op_sym_pair.i_opbuff_cntrl/SR[0] |                2 |              4 |
|  SPIClkGenerator/U0/clk_out2                                                                                     | Transmitter/DACInterface/n_0_tempBuffer[11]_i_1                                                                                                                                  | Transmitter/DACInterface/n_0_tempBuffer[15]_i_1                                                                                                                |                1 |              4 |
|  SPIClkGenerator/U0/clk_out1                                                                                     | Transmitter/PSF_I/PulseFilter/U0/i_synth/g_polyphase_interpolation.i_polyphase_interpolation/g_semi_parallel_and_smac.g_latch_op_sym_pair.i_opbuff_cntrl/E[0]                    |                                                                                                                                                                |                2 |              4 |
|  SPIClkGenerator/U0/clk_out1                                                                                     | Transmitter/PSF_Q/PulseFilter/U0/i_synth/g_polyphase_interpolation.i_polyphase_interpolation/g_semi_parallel_and_smac.g_latch_op_sym_pair.i_opbuff_cntrl/E[0]                    |                                                                                                                                                                |                3 |              4 |
|  SPIClkGenerator/U0/clk_out1                                                                                     | Transmitter/Receiver/rx_shift                                                                                                                                                    | Transmitter/Receiver/n_0_tick_ctr[9]_i_1                                                                                                                       |                1 |              4 |
|  SPIClkGenerator/U0/clk_out2                                                                                     | Transmitter/DACInterface/shiftCounterEn                                                                                                                                          | Transmitter/DACInterface/parallelLoadEn                                                                                                                        |                1 |              4 |
|  SPIClkGenerator/U0/clk_out1                                                                                     | Receiver/Transmitter/n_0_tx_ctr[3]_i_2                                                                                                                                           | Receiver/Transmitter/tx_load                                                                                                                                   |                2 |              4 |
|  SPIClkGenerator/U0/clk_out2                                                                                     | Receiver/ADCInFace/n_0_temp1[11]_i_1                                                                                                                                             | Receiver/ADCInFace/currentState[1]                                                                                                                             |                1 |              4 |
|  SPIClkGenerator/U0/clk_out1                                                                                     | Transmitter/PSF_I/PulseFilter/U0/i_synth/g_polyphase_interpolation.i_polyphase_interpolation/g_semi_parallel_and_smac.g_latch_op_sym_pair.i_opbuff_cntrl/E[0]                    | Transmitter/PSF_I/PulseFilter/U0/i_synth/g_polyphase_interpolation.i_polyphase_interpolation/g_semi_parallel_and_smac.g_latch_op_sym_pair.i_opbuff_cntrl/SR[0] |                1 |              4 |
|  SPIClkGenerator/U0/clk_out2                                                                                     | Receiver/Debug_PassThroughDAC/n_0_tempBuffer[11]_i_1__0                                                                                                                          | Receiver/Debug_PassThroughDAC/n_0_tempBuffer[15]_i_1                                                                                                           |                1 |              4 |
|  SPIClkGenerator/U0/clk_out2                                                                                     | Receiver/Debug_PassThroughDAC/shiftCounterEn                                                                                                                                     | Receiver/Debug_PassThroughDAC/parallelLoadEn                                                                                                                   |                1 |              4 |
|  SPIClkGenerator/U0/clk_out2                                                                                     |                                                                                                                                                                                  |                                                                                                                                                                |                3 |              6 |
|  SPIClkGenerator/U0/clk_out1                                                                                     | Transmitter/PSF_I/PulseFilter/U0/i_synth/g_polyphase_interpolation.i_polyphase_interpolation/base_en_cntrl                                                                       | Transmitter/PSF_I/PulseFilter/U0/i_synth/g_polyphase_interpolation.i_polyphase_interpolation/n_0_g_semi_parallel_and_smac.gen_coef_addr[6]_i_1                 |                1 |              7 |
|  SPIClkGenerator/U0/clk_out1                                                                                     | Transmitter/PSF_Q/PulseFilter/U0/i_synth/g_polyphase_interpolation.i_polyphase_interpolation/base_en_cntrl                                                                       | Transmitter/PSF_Q/PulseFilter/U0/i_synth/g_polyphase_interpolation.i_polyphase_interpolation/n_0_g_semi_parallel_and_smac.gen_coef_addr[6]_i_1                 |                2 |              7 |
|  Receiver/IQToChar/in2                                                                                           |                                                                                                                                                                                  |                                                                                                                                                                |                3 |              8 |
|  SPIClkGenerator/U0/clk_out1                                                                                     | Transmitter/CharacterToIQ/CharBuffer/WriteAddrCounter/O3[0]                                                                                                                      | Transmitter/CharacterToIQ/CharBuffer/WriteAddrCounter/O1[0]                                                                                                    |                2 |              8 |
|  Receiver/MF_I/n_0_romRdAddr_reg[7]_i_2                                                                          |                                                                                                                                                                                  |                                                                                                                                                                |                3 |              8 |
|  SPIClkGenerator/U0/clk_out1                                                                                     | Transmitter/CharacterToIQ/Serializer/E[0]                                                                                                                                        |                                                                                                                                                                |                6 |              8 |
|  SPIClkGenerator/U0/clk_out1                                                                                     | Transmitter/Receiver/rx_output                                                                                                                                                   |                                                                                                                                                                |                2 |              8 |
|  SPIClkGenerator/U0/clk_out1                                                                                     | Transmitter/CharacterToIQ/CharBuffer/WriteAddrCounter/E[0]                                                                                                                       | Transmitter/CharacterToIQ/CharBuffer/WriteAddrCounter/SR[0]                                                                                                    |                3 |              8 |
|  SPIClkGenerator/U0/clk_out1                                                                                     | Transmitter/CharacterToIQ/CharBuffer/WriteAddrCounter/I11[0]                                                                                                                     | Transmitter/CharacterToIQ/CharBuffer/WriteAddrCounter/I10[0]                                                                                                   |                5 |              8 |
|  SPIClkGenerator/U0/clk_out1                                                                                     | Transmitter/CharacterToIQ/CharBuffer/WriteAddrCounter/I13[0]                                                                                                                     | Transmitter/CharacterToIQ/CharBuffer/WriteAddrCounter/I12[0]                                                                                                   |                2 |              8 |
|  SPIClkGenerator/U0/clk_out1                                                                                     | Transmitter/CharacterToIQ/CharBuffer/WriteAddrCounter/I7[0]                                                                                                                      | Transmitter/CharacterToIQ/CharBuffer/WriteAddrCounter/I6[0]                                                                                                    |                2 |              8 |
|  SPIClkGenerator/U0/clk_out1                                                                                     | Transmitter/CharacterToIQ/CharBuffer/WriteAddrCounter/I9[0]                                                                                                                      | Transmitter/CharacterToIQ/CharBuffer/WriteAddrCounter/I8[0]                                                                                                    |                3 |              8 |
|  SPIClkGenerator/U0/clk_out1                                                                                     | Transmitter/CharacterToIQ/CharBuffer/WriteAddrCounter/O2[0]                                                                                                                      | Transmitter/CharacterToIQ/CharBuffer/WriteAddrCounter/I3[0]                                                                                                    |                2 |              8 |
|  SPIClkGenerator/U0/clk_out1                                                                                     | Receiver/Transmitter/n_0_tx_reg[7]_i_1                                                                                                                                           |                                                                                                                                                                |                3 |              8 |
|  SPIClkGenerator/U0/clk_out1                                                                                     | Receiver/MF_Q/incrementCounter                                                                                                                                                   | Receiver/MF_Q/resetCounter                                                                                                                                     |                3 |              8 |
|  SPIClkGenerator/U0/clk_out1                                                                                     | Transmitter/PSF_I/PulseFilter/U0/i_synth/g_polyphase_interpolation.i_polyphase_interpolation/opbuff_op_enable                                                                    | Transmitter/PSF_I/PulseFilter/U0/i_synth/g_polyphase_interpolation.i_polyphase_interpolation/n_0_g_opbuff.op_rate_cnt[7]_i_1                                   |                4 |              8 |
|  SPIClkGenerator/U0/clk_out1                                                                                     | Receiver/MF_I/incrementCounter                                                                                                                                                   | Receiver/MF_I/resetCounter                                                                                                                                     |                3 |              8 |
|  Receiver/MF_Q/n_0_romRdAddr_reg[7]_i_2__0                                                                       |                                                                                                                                                                                  |                                                                                                                                                                |                3 |              8 |
|  SPIClkGenerator/U0/clk_out1                                                                                     | Transmitter/PSF_Q/PulseFilter/U0/i_synth/g_polyphase_interpolation.i_polyphase_interpolation/opbuff_op_enable                                                                    | Transmitter/PSF_Q/PulseFilter/U0/i_synth/g_polyphase_interpolation.i_polyphase_interpolation/n_0_g_opbuff.op_rate_cnt[7]_i_1                                   |                2 |              8 |
|  SPIClkGenerator/U0/clk_out1                                                                                     | Transmitter/Receiver/rx_shift                                                                                                                                                    |                                                                                                                                                                |                3 |              9 |
|  SPIClkGenerator/U0/clk_out1                                                                                     |                                                                                                                                                                                  | Transmitter/Receiver/n_0_tick_ctr[9]_i_1                                                                                                                       |                5 |             11 |
|  SPIClkGenerator/U0/clk_out1                                                                                     |                                                                                                                                                                                  | n_0_tx_trig_cnt[11]_i_1                                                                                                                                        |                3 |             11 |
|  SPIClkGenerator/U0/clk_out2                                                                                     | Transmitter/DACInterface/n_0_tempBuffer[11]_i_1                                                                                                                                  |                                                                                                                                                                |                3 |             12 |
|  SPIClkGenerator/U0/clk_out2                                                                                     | Receiver/Debug_PassThroughDAC/n_0_tempBuffer[11]_i_1__0                                                                                                                          |                                                                                                                                                                |                5 |             12 |
|  SPIClkGenerator/U0/clk_out2                                                                                     | Receiver/ADCInFace/currentState[1]                                                                                                                                               |                                                                                                                                                                |                3 |             12 |
|  SPIClkGenerator/U0/clk_out2                                                                                     | Receiver/ADCInFace/n_0_temp1[11]_i_1                                                                                                                                             |                                                                                                                                                                |                3 |             12 |
|  SPIClkGenerator/U0/clk_out1                                                                                     | Transmitter/PSF_I/PulseFilter/U0/i_synth/g_polyphase_interpolation.i_polyphase_interpolation/sel                                                                                 | Transmitter/PSF_I/PulseFilter/U0/i_synth/g_polyphase_interpolation.i_polyphase_interpolation/p_33_out                                                          |                4 |             13 |
|  SPIClkGenerator/U0/clk_out1                                                                                     | Transmitter/PSF_Q/PulseFilter/U0/i_synth/g_polyphase_interpolation.i_polyphase_interpolation/sel                                                                                 | Transmitter/PSF_Q/PulseFilter/U0/i_synth/g_polyphase_interpolation.i_polyphase_interpolation/p_33_out                                                          |                4 |             13 |
|  SPIClkGenerator/U0/clk_out1                                                                                     | symbolClkOut_OBUF                                                                                                                                                                |                                                                                                                                                                |                5 |             14 |
|  SPIClkGenerator/U0/clk_out1                                                                                     | Transmitter/PSF_Q/PulseFilter/U0/i_synth/g_polyphase_interpolation.i_polyphase_interpolation/g_semi_parallel_and_smac.g_cntrl_signals[7].g_others.i_delay_cntrl_data/CNTRL_IN[0] |                                                                                                                                                                |                2 |             16 |
|  Transmitter/PSF_Q/PulseFilter/U0/i_synth/g_polyphase_interpolation.i_polyphase_interpolation/m_axis_data_tvalid |                                                                                                                                                                                  |                                                                                                                                                                |                5 |             16 |
|  SPIClkGenerator/U0/clk_out1                                                                                     | Transmitter/PSF_I/PulseFilter/U0/i_synth/g_polyphase_interpolation.i_polyphase_interpolation/g_opbuff.i_latch_op_src_sel/latch_op                                                |                                                                                                                                                                |                5 |             16 |
|  SPIClkGenerator/U0/clk_out1                                                                                     | Transmitter/PSF_I/PulseFilter/U0/i_synth/g_polyphase_interpolation.i_polyphase_interpolation/cntrl_data[0]_3[3]                                                                  |                                                                                                                                                                |                2 |             16 |
|  SPIClkGenerator/U0/clk_out1                                                                                     | Transmitter/PSF_I/PulseFilter/U0/i_synth/g_polyphase_interpolation.i_polyphase_interpolation/g_semi_parallel_and_smac.g_cntrl_signals[7].g_others.i_delay_cntrl_data/CNTRL_IN[0] |                                                                                                                                                                |                2 |             16 |
|  SPIClkGenerator/U0/clk_out1                                                                                     | Transmitter/PSF_Q/PulseFilter/U0/i_synth/g_polyphase_interpolation.i_polyphase_interpolation/g_opbuff.i_latch_op_src_sel/latch_op                                                |                                                                                                                                                                |                3 |             16 |
|  SPIClkGenerator/U0/clk_out1                                                                                     | Transmitter/PSF_Q/PulseFilter/U0/i_synth/g_polyphase_interpolation.i_polyphase_interpolation/cntrl_data[0]_3[3]                                                                  |                                                                                                                                                                |                2 |             16 |
|  SPIClkGenerator/U0/clk_out1                                                                                     |                                                                                                                                                                                  | Transmitter/Display/n_0_cdcount[0]_i_1                                                                                                                         |                5 |             18 |
|  SPIClkGenerator/U0/clk_out1                                                                                     | Transmitter/PSF_I/PulseFilter/U0/i_synth/g_polyphase_interpolation.i_polyphase_interpolation/g_semi_parallel_and_smac.g_latch_op_sym_pair.i_latch_op/p_2_out                     |                                                                                                                                                                |                4 |             32 |
|  SPIClkGenerator/U0/clk_out1                                                                                     | Transmitter/PSF_Q/PulseFilter/U0/i_synth/g_polyphase_interpolation.i_polyphase_interpolation/g_semi_parallel_and_smac.g_latch_op_sym_pair.i_latch_op/p_2_out                     |                                                                                                                                                                |                4 |             32 |
|  SPIClkGenerator/U0/clk_out1                                                                                     | Transmitter/PSF_I/PulseFilter/U0/i_synth/g_polyphase_interpolation.i_polyphase_interpolation/cntrl_data[0]_3[8]                                                                  |                                                                                                                                                                |                6 |             32 |
|  SPIClkGenerator/U0/clk_out1                                                                                     | Transmitter/CharacterToIQ/Serializer/n_0_bitIdx[0]_i_2                                                                                                                           | Transmitter/CharacterToIQ/Serializer/resetBitIdx                                                                                                               |                9 |             32 |
|  SPIClkGenerator/U0/clk_out1                                                                                     | Transmitter/PSF_Q/PulseFilter/U0/i_synth/g_polyphase_interpolation.i_polyphase_interpolation/cntrl_data[0]_3[8]                                                                  |                                                                                                                                                                |                6 |             32 |
|  Transmitter/PSF_I/PulseFilter/U0/i_synth/g_polyphase_interpolation.i_polyphase_interpolation/m_axis_data_tvalid |                                                                                                                                                                                  |                                                                                                                                                                |               43 |            177 |
|  SPIClkGenerator/U0/clk_out1                                                                                     | modemRx_in_sampleClk_BUFG                                                                                                                                                        |                                                                                                                                                                |               83 |            319 |
|  SPIClkGenerator/U0/clk_out1                                                                                     |                                                                                                                                                                                  |                                                                                                                                                                |              162 |            564 |
+------------------------------------------------------------------------------------------------------------------+----------------------------------------------------------------------------------------------------------------------------------------------------------------------------------+----------------------------------------------------------------------------------------------------------------------------------------------------------------+------------------+----------------+


