Copyright 1986-2014 Xilinx, Inc. All Rights Reserved.
-------------------------------------------------------------------------------------
| Tool Version : Vivado v.2014.4 (win64) Build 1071353 Tue Nov 18 18:24:04 MST 2014
| Date         : Tue May 26 19:36:08 2015
| Host         : VLAB-002 running 64-bit Service Pack 1  (build 7601)
| Command      : report_clock_utilization -file lab3top_clock_utilization_placed.rpt
| Design       : lab3top
| Device       : xc7a35t
-------------------------------------------------------------------------------------

Clock Utilization Report

Table of Contents
-----------------
1. Clock Primitive Utilization
2. Details of Global Clocks
3. Details of Regional Clocks
4. Details of Multi-Regional Clocks
5. Details of I/O Clocks
6. Details of Local Clocks
7. Clock Regions : Key Resource Utilization
8. Net wise resources used in clock region X0Y0
9. Net wise resources used in clock region X1Y0
10. Net wise resources used in clock region X0Y1
11. Net wise resources used in clock region X1Y1

1. Clock Primitive Utilization
------------------------------

+-------+------+-----------+-----------+
| Type  | Used | Available | Num Fixed |
+-------+------+-----------+-----------+
| BUFG  |    4 |        32 |         0 |
| BUFH  |    0 |        72 |         0 |
| BUFIO |    0 |        20 |         0 |
| MMCM  |    1 |         5 |         0 |
| PLL   |    0 |         5 |         0 |
| BUFR  |    0 |        20 |         0 |
| BUFMR |    0 |        10 |         0 |
+-------+------+-----------+-----------+


2. Details of Global Clocks
---------------------------

+-------+--------------------------------+--------------------------------------+--------------+-------+---------------+-----------+
|       |                                |                                      |   Num Loads  |       |               |           |
+-------+--------------------------------+--------------------------------------+------+-------+-------+---------------+-----------+
| Index | BUFG Cell                      | Net Name                             | BELs | Sites | Fixed | MaxDelay (ns) | Skew (ns) |
+-------+--------------------------------+--------------------------------------+------+-------+-------+---------------+-----------+
|     1 | SPIClkGenerator/U0/clkf_buf    | SPIClkGenerator/U0/clkfbout_buf_MMCM |    1 |     1 |    no |         1.636 |     0.082 |
|     2 | SPIClkGenerator/U0/clkout2_buf | SPIClkGenerator/U0/clk_out2          |   77 |    27 |    no |         2.783 |     1.220 |
|     3 | modemRx_in_sampleClk_BUFG_inst | modemRx_in_sampleClk_BUFG            |  325 |    93 |    no |         1.748 |     0.271 |
|     4 | SPIClkGenerator/U0/clkout1_buf | SPIClkGenerator/U0/clk_out1          | 1420 |   384 |    no |         1.788 |     0.273 |
+-------+--------------------------------+--------------------------------------+------+-------+-------+---------------+-----------+


+-------+----------------------------------+----------------------------------+--------------+-------+---------------+-----------+
|       |                                  |                                  |   Num Loads  |       |               |           |
+-------+----------------------------------+----------------------------------+------+-------+-------+---------------+-----------+
| Index | MMCM Cell                        | Net Name                         | BELs | Sites | Fixed | MaxDelay (ns) | Skew (ns) |
+-------+----------------------------------+----------------------------------+------+-------+-------+---------------+-----------+
|     1 | SPIClkGenerator/U0/mmcm_adv_inst | SPIClkGenerator/U0/clk_out1_MMCM |    1 |     1 |    no |         1.661 |     0.083 |
|     2 | SPIClkGenerator/U0/mmcm_adv_inst | SPIClkGenerator/U0/clk_out2_MMCM |    1 |     1 |    no |         1.661 |     0.083 |
|     3 | SPIClkGenerator/U0/mmcm_adv_inst | SPIClkGenerator/U0/clkfbout_MMCM |    1 |     1 |    no |         1.661 |     0.083 |
+-------+----------------------------------+----------------------------------+------+-------+-------+---------------+-----------+


3. Details of Regional Clocks
-----------------------------

4. Details of Multi-Regional Clocks
-----------------------------------

5. Details of I/O Clocks
------------------------

6. Details of Local Clocks
--------------------------

+-------+-----------------------------------------------------------------------------------------------------------------------------------------------+-----------------------------------------------------------------------------------------------------------------+--------------+-------+---------------+-----------+
|       |                                                                                                                                               |                                                                                                                 |   Num Loads  |       |               |           |
+-------+-----------------------------------------------------------------------------------------------------------------------------------------------+-----------------------------------------------------------------------------------------------------------------+------+-------+-------+---------------+-----------+
| Index | Local Clk Src                                                                                                                                 | Net Name                                                                                                        | BELs | Sites | Fixed | MaxDelay (ns) | Skew (ns) |
+-------+-----------------------------------------------------------------------------------------------------------------------------------------------+-----------------------------------------------------------------------------------------------------------------+------+-------+-------+---------------+-----------+
|     1 | Receiver/MF_I/romRdAddr_reg[7]_i_2__0                                                                                                         | Receiver/MF_I/n_0_romRdAddr_reg[7]_i_2__0                                                                       |    8 |     2 |    no |         0.739 |     0.191 |
|     2 | Receiver/MF_Q/romRdAddr_reg[7]_i_2                                                                                                            | Receiver/MF_Q/n_0_romRdAddr_reg[7]_i_2                                                                          |    8 |     2 |    no |         0.869 |     0.107 |
|     3 | Transmitter/PSF_I/PulseFilter/U0/i_synth/g_polyphase_interpolation.i_polyphase_interpolation/g_m_data_chan_no_fifo.m_axis_data_tvalid_int_reg | Transmitter/PSF_I/PulseFilter/U0/i_synth/g_polyphase_interpolation.i_polyphase_interpolation/m_axis_data_tvalid |  178 |    49 |    no |         2.490 |     1.921 |
+-------+-----------------------------------------------------------------------------------------------------------------------------------------------+-----------------------------------------------------------------------------------------------------------------+------+-------+-------+---------------+-----------+


7. Clock Regions : Key Resource Utilization
-------------------------------------------

+-------------------+--------------+--------------+--------------+--------------+--------------+--------------+--------------+--------------+--------------+--------------+--------------+--------------+--------------+--------------+--------------+
|                   | Global Clock |     BUFRs    |    BUFMRs    |    BUFIOs    |     MMCM     |      PLL     |      GT      |      PCI     |    ILOGIC    |    OLOGIC    |      FF      |     LUTM     |    RAMB18    |    RAMB36    |    DSP48E1   |
+-------------------+------+-------+------+-------+------+-------+------+-------+------+-------+------+-------+------+-------+------+-------+------+-------+------+-------+------+-------+------+-------+------+-------+------+-------+------+-------+
| Clock Region Name | Used | Avail | Used | Avail | Used | Avail | Used | Avail | Used | Avail | Used | Avail | Used | Avail | Used | Avail | Used | Avail | Used | Avail | Used | Avail | Used | Avail | Used | Avail | Used | Avail | Used | Avail |
+-------------------+------+-------+------+-------+------+-------+------+-------+------+-------+------+-------+------+-------+------+-------+------+-------+------+-------+------+-------+------+-------+------+-------+------+-------+------+-------+
| X0Y0              |    3 |    12 |    0 |     4 |    0 |     2 |    0 |     4 |    0 |     1 |    0 |     1 |    0 |     0 |    0 |     0 |    0 |    50 |    0 |    50 |  396 |  9600 |  261 |  1600 |    2 |    20 |    4 |    10 |    9 |    20 |
| X1Y0              |    3 |    12 |    0 |     4 |    0 |     2 |    0 |     4 |    1 |     1 |    0 |     1 |    0 |     0 |    0 |     0 |    0 |    50 |    0 |    50 |  840 | 12000 |  149 |  1800 |    2 |    40 |    3 |    20 |    6 |    20 |
| X0Y1              |    1 |    12 |    0 |     4 |    0 |     2 |    0 |     4 |    0 |     1 |    0 |     1 |    0 |     0 |    0 |     0 |    0 |    50 |    0 |    50 |    1 |  9600 |    0 |  1600 |    0 |    20 |    0 |    10 |    0 |    20 |
| X1Y1              |    2 |    12 |    0 |     4 |    0 |     2 |    0 |     4 |    0 |     1 |    0 |     1 |    0 |     0 |    0 |     0 |    0 |    50 |    0 |    50 |    1 | 12000 |    0 |  1800 |    0 |    40 |    0 |    20 |    0 |    20 |
| X0Y2              |    0 |    12 |    0 |     4 |    0 |     2 |    0 |     4 |    0 |     1 |    0 |     1 |    0 |     0 |    0 |     0 |    0 |    50 |    0 |    50 |    0 | 14400 |    0 |  1600 |    0 |    20 |    0 |    10 |    0 |    20 |
| X1Y2              |    0 |    12 |    0 |     0 |    0 |     0 |    0 |     0 |    0 |     0 |    0 |     0 |    0 |     5 |    0 |     1 |    0 |     0 |    0 |     0 |    0 |  7600 |    0 |  1200 |    0 |    10 |    0 |     5 |    0 |    20 |
+-------------------+------+-------+------+-------+------+-------+------+-------+------+-------+------+-------+------+-------+------+-------+------+-------+------+-------+------+-------+------+-------+------+-------+------+-------+------+-------+
* RAMB36 site can be used as two RAMB18/FIFO18 sites


8. Net wise resources used in clock region X0Y0
-----------------------------------------------

+-------------+-------------+-------+-----------+----------+---------+-----------+---------+---------+-----+-------+----------+-----------------------------+
| Source Type | BUFHCE Site | Fixed | MMCM Pins | PLL Pins | GT Pins | BRAM Pins | ILOGICs | OLOGICs | FFs | LUTMs | DSP48E1s |        Clock Net Name       |
+-------------+-------------+-------+-----------+----------+---------+-----------+---------+---------+-----+-------+----------+-----------------------------+
| BUFG        |     ---     |   no  |         0 |        0 |       0 |         0 |       0 |       0 |   2 |     0 |        6 | modemRx_in_sampleClk_BUFG   |
| BUFG        |     ---     |   no  |         0 |        0 |       0 |         0 |       0 |       0 |  52 |     0 |        0 | SPIClkGenerator/U0/clk_out2 |
| BUFG        |     ---     |   no  |         0 |        0 |       0 |        12 |       0 |       0 | 326 |   261 |        9 | SPIClkGenerator/U0/clk_out1 |
+-------------+-------------+-------+-----------+----------+---------+-----------+---------+---------+-----+-------+----------+-----------------------------+


9. Net wise resources used in clock region X1Y0
-----------------------------------------------

+-------------+-------------+-------+-----------+----------+---------+-----------+---------+---------+-----+-------+----------+--------------------------------------+
| Source Type | BUFHCE Site | Fixed | MMCM Pins | PLL Pins | GT Pins | BRAM Pins | ILOGICs | OLOGICs | FFs | LUTMs | DSP48E1s |            Clock Net Name            |
+-------------+-------------+-------+-----------+----------+---------+-----------+---------+---------+-----+-------+----------+--------------------------------------+
| BUFG        |     ---     |   no  |         1 |        0 |       0 |         0 |       0 |       0 |   0 |     0 |        0 | SPIClkGenerator/U0/clkfbout_buf_MMCM |
| BUFG        |     ---     |   no  |         0 |        0 |       0 |         0 |       0 |       0 |  22 |     0 |        0 | SPIClkGenerator/U0/clk_out2          |
| BUFG        |     ---     |   no  |         0 |        0 |       0 |         8 |       0 |       0 | 660 |   146 |        6 | SPIClkGenerator/U0/clk_out1          |
+-------------+-------------+-------+-----------+----------+---------+-----------+---------+---------+-----+-------+----------+--------------------------------------+


10. Net wise resources used in clock region X0Y1
------------------------------------------------

+-------------+-------------+-------+-----------+----------+---------+-----------+---------+---------+-----+-------+----------+-----------------------------+
| Source Type | BUFHCE Site | Fixed | MMCM Pins | PLL Pins | GT Pins | BRAM Pins | ILOGICs | OLOGICs | FFs | LUTMs | DSP48E1s |        Clock Net Name       |
+-------------+-------------+-------+-----------+----------+---------+-----------+---------+---------+-----+-------+----------+-----------------------------+
| BUFG        |     ---     |   no  |         0 |        0 |       0 |         0 |       0 |       0 |   1 |     0 |        0 | SPIClkGenerator/U0/clk_out1 |
+-------------+-------------+-------+-----------+----------+---------+-----------+---------+---------+-----+-------+----------+-----------------------------+


11. Net wise resources used in clock region X1Y1
------------------------------------------------

+-------------+-------------+-------+-----------+----------+---------+-----------+---------+---------+-----+-------+----------+-----------------------------+
| Source Type | BUFHCE Site | Fixed | MMCM Pins | PLL Pins | GT Pins | BRAM Pins | ILOGICs | OLOGICs | FFs | LUTMs | DSP48E1s |        Clock Net Name       |
+-------------+-------------+-------+-----------+----------+---------+-----------+---------+---------+-----+-------+----------+-----------------------------+
| BUFG        |     ---     |   no  |         0 |        0 |       0 |         0 |       0 |       0 |   1 |     0 |        0 | SPIClkGenerator/U0/clk_out1 |
+-------------+-------------+-------+-----------+----------+---------+-----------+---------+---------+-----+-------+----------+-----------------------------+



# Location of BUFG Primitives 
set_property LOC BUFGCTRL_X0Y1 [get_cells SPIClkGenerator/U0/clkout1_buf]
set_property LOC BUFGCTRL_X0Y0 [get_cells SPIClkGenerator/U0/clkout2_buf]
set_property LOC BUFGCTRL_X0Y3 [get_cells SPIClkGenerator/U0/clkf_buf]
set_property LOC BUFGCTRL_X0Y2 [get_cells modemRx_in_sampleClk_BUFG_inst]

# Location of IO Clock Primitives

# Location of MMCM Clock Primitives
set_property LOC MMCME2_ADV_X1Y0 [get_cells SPIClkGenerator/U0/mmcm_adv_inst]

# Location of BUFH Clock Primitives

# Location of BUFR Clock Primitives

# Location of BUFMR Clock Primitives

# Location of PLL Clock Primitives

# Location of IO Primitives which is load of clock spine
set_property LOC IOB_X1Y97 [get_cells serialClkForDAC_OBUF_inst]
set_property LOC IOB_X0Y22 [get_cells serialClkForDebugDAC_OBUF_inst]

# Location of clock ports
set_property LOC IOB_X1Y26 [get_ports clk]

# Clock net "Receiver/MF_I/n_0_romRdAddr_reg[7]_i_2__0" driven by instance "Receiver/MF_I/romRdAddr_reg[7]_i_2__0" located at site "SLICE_X9Y18"
#startgroup
create_pblock CLKAG_Receiver/MF_I/n_0_romRdAddr_reg[7]_i_2__0
add_cells_to_pblock [get_pblocks  CLKAG_Receiver/MF_I/n_0_romRdAddr_reg[7]_i_2__0] [get_cells  -filter { IS_PRIMITIVE==1 && PRIMITIVE_LEVEL !=INTERNAL } -of_object [get_pins -filter {DIRECTION==IN} -of_objects [get_nets -hierarchical -filter {PARENT=="Receiver/MF_I/n_0_romRdAddr_reg[7]_i_2__0"}]]]
resize_pblock [get_pblocks CLKAG_Receiver/MF_I/n_0_romRdAddr_reg[7]_i_2__0] -add {CLOCKREGION_X0Y0:CLOCKREGION_X0Y0 CLOCKREGION_X0Y1:CLOCKREGION_X0Y1 CLOCKREGION_X0Y2:CLOCKREGION_X0Y2 CLOCKREGION_X1Y0:CLOCKREGION_X1Y0 CLOCKREGION_X1Y1:CLOCKREGION_X1Y1 CLOCKREGION_X1Y2:CLOCKREGION_X1Y2}
#endgroup

# Clock net "Receiver/MF_Q/n_0_romRdAddr_reg[7]_i_2" driven by instance "Receiver/MF_Q/romRdAddr_reg[7]_i_2" located at site "SLICE_X9Y19"
#startgroup
create_pblock CLKAG_Receiver/MF_Q/n_0_romRdAddr_reg[7]_i_2
add_cells_to_pblock [get_pblocks  CLKAG_Receiver/MF_Q/n_0_romRdAddr_reg[7]_i_2] [get_cells  -filter { IS_PRIMITIVE==1 && PRIMITIVE_LEVEL !=INTERNAL } -of_object [get_pins -filter {DIRECTION==IN} -of_objects [get_nets -hierarchical -filter {PARENT=="Receiver/MF_Q/n_0_romRdAddr_reg[7]_i_2"}]]]
resize_pblock [get_pblocks CLKAG_Receiver/MF_Q/n_0_romRdAddr_reg[7]_i_2] -add {CLOCKREGION_X0Y0:CLOCKREGION_X0Y0 CLOCKREGION_X0Y1:CLOCKREGION_X0Y1 CLOCKREGION_X0Y2:CLOCKREGION_X0Y2 CLOCKREGION_X1Y0:CLOCKREGION_X1Y0 CLOCKREGION_X1Y1:CLOCKREGION_X1Y1 CLOCKREGION_X1Y2:CLOCKREGION_X1Y2}
#endgroup

# Clock net "SPIClkGenerator/U0/clk_out1" driven by instance "SPIClkGenerator/U0/clkout1_buf" located at site "BUFGCTRL_X0Y1"
#startgroup
create_pblock CLKAG_SPIClkGenerator/U0/clk_out1
add_cells_to_pblock [get_pblocks  CLKAG_SPIClkGenerator/U0/clk_out1] [get_cells  -filter { IS_PRIMITIVE==1 && PRIMITIVE_LEVEL !=INTERNAL } -of_object [get_pins -filter {DIRECTION==IN} -of_objects [get_nets -hierarchical -filter {PARENT=="SPIClkGenerator/U0/clk_out1"}]]]
resize_pblock [get_pblocks CLKAG_SPIClkGenerator/U0/clk_out1] -add {CLOCKREGION_X0Y0:CLOCKREGION_X0Y0 CLOCKREGION_X0Y1:CLOCKREGION_X0Y1 CLOCKREGION_X0Y2:CLOCKREGION_X0Y2 CLOCKREGION_X1Y0:CLOCKREGION_X1Y0 CLOCKREGION_X1Y1:CLOCKREGION_X1Y1 CLOCKREGION_X1Y2:CLOCKREGION_X1Y2}
#endgroup

# Clock net "SPIClkGenerator/U0/clk_out2" driven by instance "SPIClkGenerator/U0/clkout2_buf" located at site "BUFGCTRL_X0Y0"
#startgroup
create_pblock CLKAG_SPIClkGenerator/U0/clk_out2
add_cells_to_pblock [get_pblocks  CLKAG_SPIClkGenerator/U0/clk_out2] [get_cells  -filter { IS_PRIMITIVE==1 && PRIMITIVE_LEVEL !=INTERNAL && NAME!=serialClkForDebugDAC_OBUF_inst && NAME!=serialClkForDAC_OBUF_inst} -of_object [get_pins -filter {DIRECTION==IN} -of_objects [get_nets -hierarchical -filter {PARENT=="SPIClkGenerator/U0/clk_out2"}]]]
resize_pblock [get_pblocks CLKAG_SPIClkGenerator/U0/clk_out2] -add {CLOCKREGION_X0Y0:CLOCKREGION_X0Y0 CLOCKREGION_X0Y1:CLOCKREGION_X0Y1 CLOCKREGION_X0Y2:CLOCKREGION_X0Y2 CLOCKREGION_X1Y0:CLOCKREGION_X1Y0 CLOCKREGION_X1Y1:CLOCKREGION_X1Y1 CLOCKREGION_X1Y2:CLOCKREGION_X1Y2}
#endgroup

# Clock net "Transmitter/PSF_I/PulseFilter/U0/i_synth/g_polyphase_interpolation.i_polyphase_interpolation/m_axis_data_tvalid" driven by instance "Transmitter/PSF_I/PulseFilter/U0/i_synth/g_polyphase_interpolation.i_polyphase_interpolation/g_m_data_chan_no_fifo.m_axis_data_tvalid_int_reg" located at site "SLICE_X53Y29"
#startgroup
create_pblock CLKAG_Transmitter/PSF_I/PulseFilter/U0/i_synth/g_polyphase_interpolation.i_polyphase_interpolation/m_axis_data_tvalid
add_cells_to_pblock [get_pblocks  CLKAG_Transmitter/PSF_I/PulseFilter/U0/i_synth/g_polyphase_interpolation.i_polyphase_interpolation/m_axis_data_tvalid] [get_cells  -filter { IS_PRIMITIVE==1 && PRIMITIVE_LEVEL !=INTERNAL } -of_object [get_pins -filter {DIRECTION==IN} -of_objects [get_nets -hierarchical -filter {PARENT=="Transmitter/PSF_I/PulseFilter/U0/i_synth/g_polyphase_interpolation.i_polyphase_interpolation/m_axis_data_tvalid"}]]]
resize_pblock [get_pblocks CLKAG_Transmitter/PSF_I/PulseFilter/U0/i_synth/g_polyphase_interpolation.i_polyphase_interpolation/m_axis_data_tvalid] -add {CLOCKREGION_X0Y0:CLOCKREGION_X0Y0 CLOCKREGION_X0Y1:CLOCKREGION_X0Y1 CLOCKREGION_X0Y2:CLOCKREGION_X0Y2 CLOCKREGION_X1Y0:CLOCKREGION_X1Y0 CLOCKREGION_X1Y1:CLOCKREGION_X1Y1 CLOCKREGION_X1Y2:CLOCKREGION_X1Y2}
#endgroup

# Clock net "modemRx_in_sampleClk_BUFG" driven by instance "modemRx_in_sampleClk_BUFG_inst" located at site "BUFGCTRL_X0Y2"
#startgroup
create_pblock CLKAG_modemRx_in_sampleClk_BUFG
add_cells_to_pblock [get_pblocks  CLKAG_modemRx_in_sampleClk_BUFG] [get_cells  -filter { IS_PRIMITIVE==1 && PRIMITIVE_LEVEL !=INTERNAL } -of_object [get_pins -filter {DIRECTION==IN} -of_objects [get_nets -hierarchical -filter {PARENT=="modemRx_in_sampleClk_BUFG"}]]]
resize_pblock [get_pblocks CLKAG_modemRx_in_sampleClk_BUFG] -add {CLOCKREGION_X0Y0:CLOCKREGION_X0Y0 CLOCKREGION_X0Y1:CLOCKREGION_X0Y1 CLOCKREGION_X0Y2:CLOCKREGION_X0Y2 CLOCKREGION_X1Y0:CLOCKREGION_X1Y0 CLOCKREGION_X1Y1:CLOCKREGION_X1Y1 CLOCKREGION_X1Y2:CLOCKREGION_X1Y2}
#endgroup
