Copyright 1986-2014 Xilinx, Inc. All Rights Reserved.
------------------------------------------------------------------------------------
| Tool Version : Vivado v.2014.4 (win64) Build 1071353 Tue Nov 18 18:29:27 MST 2014
| Date         : Mon May 04 01:36:37 2015
| Host         : M210-09 running 64-bit Service Pack 1  (build 7601)
| Command      : report_control_sets -verbose -file lab3top_control_sets_placed.rpt
| Design       : lab3top
| Device       : xc7a35t
------------------------------------------------------------------------------------

Control Set Information

Table of Contents
-----------------
1. Summary
2. Flip-Flop Distribution
3. Detailed Control Set Information

1. Summary
----------

+-------------------------------------------------------------------+-------+
|                               Status                              | Count |
+-------------------------------------------------------------------+-------+
| Number of unique control sets                                     |    52 |
| Minimum Number of register sites lost to control set restrictions |    86 |
+-------------------------------------------------------------------+-------+


2. Flip-Flop Distribution
-------------------------

+--------------+-----------------------+------------------------+-----------------+--------------+
| Clock Enable | Synchronous Set/Reset | Asynchronous Set/Reset | Total Registers | Total Slices |
+--------------+-----------------------+------------------------+-----------------+--------------+
| No           | No                    | No                     |             748 |          210 |
| No           | No                    | Yes                    |               0 |            0 |
| No           | Yes                   | No                     |              48 |           16 |
| Yes          | No                    | No                     |             190 |           51 |
| Yes          | No                    | Yes                    |               0 |            0 |
| Yes          | Yes                   | No                     |             200 |           65 |
+--------------+-----------------------+------------------------+-----------------+--------------+


3. Detailed Control Set Information
-----------------------------------

+------------------------------------------------------------------------------------------------------------------+----------------------------------------------------------------------------------------------------------------------------------------------------------------------------------+----------------------------------------------------------------------------------------------------------------------------------------------------------------+------------------+----------------+
|                                                   Clock Signal                                                   |                                                                                   Enable Signal                                                                                  |                                                                        Set/Reset Signal                                                                        | Slice Load Count | Bel Load Count |
+------------------------------------------------------------------------------------------------------------------+----------------------------------------------------------------------------------------------------------------------------------------------------------------------------------+----------------------------------------------------------------------------------------------------------------------------------------------------------------+------------------+----------------+
|  Transmitter/CharacterToIQ/Serializer/n_0_serI_reg_i_2                                                           |                                                                                                                                                                                  |                                                                                                                                                                |                1 |              2 |
|  clk_IBUF_BUFG                                                                                                   | Receiver/Transmitter/n_0_tx_ctr[3]_i_2                                                                                                                                           | Receiver/Transmitter/tx_load                                                                                                                                   |                1 |              4 |
|  clk_IBUF_BUFG                                                                                                   | Transmitter/Receiver/rx_shift                                                                                                                                                    | Transmitter/Receiver/n_0_tick_ctr[9]_i_1                                                                                                                       |                1 |              4 |
|  clk_IBUF_BUFG                                                                                                   | Transmitter/PSF_I/PulseFilter/U0/i_synth/g_polyphase_interpolation.i_polyphase_interpolation/g_semi_parallel_and_smac.g_latch_op_sym_pair.i_opbuff_cntrl/E[0]                    |                                                                                                                                                                |                2 |              4 |
|  clk_IBUF_BUFG                                                                                                   | Transmitter/PSF_I/PulseFilter/U0/i_synth/g_polyphase_interpolation.i_polyphase_interpolation/g_semi_parallel_and_smac.g_latch_op_sym_pair.i_opbuff_cntrl/E[0]                    | Transmitter/PSF_I/PulseFilter/U0/i_synth/g_polyphase_interpolation.i_polyphase_interpolation/g_semi_parallel_and_smac.g_latch_op_sym_pair.i_opbuff_cntrl/SR[0] |                2 |              4 |
|  clk_IBUF_BUFG                                                                                                   |                                                                                                                                                                                  | Transmitter/PSF_I/PulseFilter/U0/i_synth/g_polyphase_interpolation.i_polyphase_interpolation/n_0_g_semi_parallel_and_smac.phase_cnt[3]_i_1                     |                1 |              4 |
|  clk_IBUF_BUFG                                                                                                   |                                                                                                                                                                                  | Transmitter/PSF_Q/PulseFilter/U0/i_synth/g_polyphase_interpolation.i_polyphase_interpolation/n_0_g_semi_parallel_and_smac.phase_cnt[3]_i_1                     |                2 |              4 |
|  clk_IBUF_BUFG                                                                                                   | Transmitter/PSF_Q/PulseFilter/U0/i_synth/g_polyphase_interpolation.i_polyphase_interpolation/g_semi_parallel_and_smac.g_latch_op_sym_pair.i_opbuff_cntrl/E[0]                    |                                                                                                                                                                |                2 |              4 |
|  clk_IBUF_BUFG                                                                                                   | Transmitter/PSF_Q/PulseFilter/U0/i_synth/g_polyphase_interpolation.i_polyphase_interpolation/g_semi_parallel_and_smac.g_latch_op_sym_pair.i_opbuff_cntrl/E[0]                    | Transmitter/PSF_Q/PulseFilter/U0/i_synth/g_polyphase_interpolation.i_polyphase_interpolation/g_semi_parallel_and_smac.g_latch_op_sym_pair.i_opbuff_cntrl/SR[0] |                1 |              4 |
|  clk_IBUF_BUFG                                                                                                   | Transmitter/PSF_I/PulseFilter/U0/i_synth/g_polyphase_interpolation.i_polyphase_interpolation/base_en_cntrl                                                                       | Transmitter/PSF_I/PulseFilter/U0/i_synth/g_polyphase_interpolation.i_polyphase_interpolation/n_0_g_semi_parallel_and_smac.gen_coef_addr[6]_i_1                 |                1 |              7 |
|  clk_IBUF_BUFG                                                                                                   | Transmitter/PSF_Q/PulseFilter/U0/i_synth/g_polyphase_interpolation.i_polyphase_interpolation/base_en_cntrl                                                                       | Transmitter/PSF_Q/PulseFilter/U0/i_synth/g_polyphase_interpolation.i_polyphase_interpolation/n_0_g_semi_parallel_and_smac.gen_coef_addr[6]_i_1                 |                2 |              7 |
|  clk_IBUF_BUFG                                                                                                   | Transmitter/CharacterToIQ/CharBuffer/WriteAddrCounter/I9[0]                                                                                                                      | Transmitter/CharacterToIQ/CharBuffer/WriteAddrCounter/I8[0]                                                                                                    |                2 |              8 |
|  clk_IBUF_BUFG                                                                                                   | Transmitter/CharacterToIQ/CharBuffer/WriteAddrCounter/O2[0]                                                                                                                      | Transmitter/CharacterToIQ/CharBuffer/WriteAddrCounter/I3[0]                                                                                                    |                4 |              8 |
|  clk_IBUF_BUFG                                                                                                   | Transmitter/CharacterToIQ/CharBuffer/WriteAddrCounter/O3[0]                                                                                                                      | Transmitter/CharacterToIQ/CharBuffer/WriteAddrCounter/O1[0]                                                                                                    |                4 |              8 |
|  clk_IBUF_BUFG                                                                                                   | Transmitter/PSF_I/PulseFilter/U0/i_synth/g_polyphase_interpolation.i_polyphase_interpolation/opbuff_op_enable                                                                    | Transmitter/PSF_I/PulseFilter/U0/i_synth/g_polyphase_interpolation.i_polyphase_interpolation/n_0_g_opbuff.op_rate_cnt[7]_i_1                                   |                3 |              8 |
|  clk_IBUF_BUFG                                                                                                   | Transmitter/CharacterToIQ/Serializer/E[0]                                                                                                                                        |                                                                                                                                                                |                4 |              8 |
|  clk_IBUF_BUFG                                                                                                   | Transmitter/Receiver/rx_output                                                                                                                                                   |                                                                                                                                                                |                2 |              8 |
|  clk_IBUF_BUFG                                                                                                   | Receiver/Transmitter/n_0_tx_reg[7]_i_1                                                                                                                                           |                                                                                                                                                                |                3 |              8 |
|  clk_IBUF_BUFG                                                                                                   | Transmitter/CharacterToIQ/CharBuffer/WriteAddrCounter/I11[0]                                                                                                                     | Transmitter/CharacterToIQ/CharBuffer/WriteAddrCounter/I10[0]                                                                                                   |                4 |              8 |
|  clk_IBUF_BUFG                                                                                                   | Transmitter/CharacterToIQ/CharBuffer/WriteAddrCounter/E[0]                                                                                                                       | Transmitter/CharacterToIQ/CharBuffer/WriteAddrCounter/SR[0]                                                                                                    |                3 |              8 |
|  clk_IBUF_BUFG                                                                                                   | Transmitter/CharacterToIQ/CharBuffer/WriteAddrCounter/I13[0]                                                                                                                     | Transmitter/CharacterToIQ/CharBuffer/WriteAddrCounter/I12[0]                                                                                                   |                4 |              8 |
|  clk_IBUF_BUFG                                                                                                   | Receiver/MF_I/incrementCounter                                                                                                                                                   | Receiver/MF_I/resetCounter                                                                                                                                     |                2 |              8 |
|  clk_IBUF_BUFG                                                                                                   | Receiver/MF_Q/incrementCounter                                                                                                                                                   | Receiver/MF_Q/resetCounter                                                                                                                                     |                2 |              8 |
|  clk_IBUF_BUFG                                                                                                   | Transmitter/CharacterToIQ/CharBuffer/WriteAddrCounter/I7[0]                                                                                                                      | Transmitter/CharacterToIQ/CharBuffer/WriteAddrCounter/I6[0]                                                                                                    |                3 |              8 |
|  clk_IBUF_BUFG                                                                                                   | Transmitter/PSF_Q/PulseFilter/U0/i_synth/g_polyphase_interpolation.i_polyphase_interpolation/opbuff_op_enable                                                                    | Transmitter/PSF_Q/PulseFilter/U0/i_synth/g_polyphase_interpolation.i_polyphase_interpolation/n_0_g_opbuff.op_rate_cnt[7]_i_1                                   |                3 |              8 |
|  Receiver/MF_Q/n_0_romRdAddr_reg[7]_i_2__0                                                                       |                                                                                                                                                                                  |                                                                                                                                                                |                3 |              8 |
|  Receiver/MF_I/n_0_romRdAddr_reg[7]_i_2                                                                          |                                                                                                                                                                                  |                                                                                                                                                                |                2 |              8 |
|  Receiver/IQToChar/in2                                                                                           |                                                                                                                                                                                  |                                                                                                                                                                |                5 |              8 |
|  clk_IBUF_BUFG                                                                                                   | Transmitter/Receiver/rx_shift                                                                                                                                                    |                                                                                                                                                                |                3 |              9 |
|  clk_IBUF_BUFG                                                                                                   |                                                                                                                                                                                  | n_0_tx_trig_cnt[11]_i_1                                                                                                                                        |                3 |             11 |
|  clk_IBUF_BUFG                                                                                                   |                                                                                                                                                                                  | Transmitter/Receiver/n_0_tick_ctr[9]_i_1                                                                                                                       |                5 |             11 |
|  clk_IBUF_BUFG                                                                                                   | Transmitter/PSF_I/modemRx_in_sampleClk                                                                                                                                           | Receiver/QPSK_Demodulator/n_0_rawQ[12]_i_1                                                                                                                     |                4 |             12 |
|  clk_IBUF_BUFG                                                                                                   | Transmitter/PSF_I/modemRx_in_sampleClk                                                                                                                                           | Receiver/QPSK_Demodulator/n_0_rawI[12]_i_1                                                                                                                     |                3 |             12 |
|  clk_IBUF_BUFG                                                                                                   | Transmitter/PSF_Q/PulseFilter/U0/i_synth/g_polyphase_interpolation.i_polyphase_interpolation/sel                                                                                 | Transmitter/PSF_Q/PulseFilter/U0/i_synth/g_polyphase_interpolation.i_polyphase_interpolation/p_33_out                                                          |                4 |             13 |
|  clk_IBUF_BUFG                                                                                                   | Transmitter/PSF_I/PulseFilter/U0/i_synth/g_polyphase_interpolation.i_polyphase_interpolation/sel                                                                                 | Transmitter/PSF_I/PulseFilter/U0/i_synth/g_polyphase_interpolation.i_polyphase_interpolation/p_33_out                                                          |                4 |             13 |
|  clk_IBUF_BUFG                                                                                                   | n_0_symbolClk_reg                                                                                                                                                                |                                                                                                                                                                |                3 |             14 |
|  clk_IBUF_BUFG                                                                                                   | Transmitter/PSF_Q/PulseFilter/U0/i_synth/g_polyphase_interpolation.i_polyphase_interpolation/g_opbuff.i_latch_op_src_sel/latch_op                                                |                                                                                                                                                                |                3 |             16 |
|  clk_IBUF_BUFG                                                                                                   | Transmitter/PSF_Q/PulseFilter/U0/i_synth/g_polyphase_interpolation.i_polyphase_interpolation/g_semi_parallel_and_smac.g_cntrl_signals[7].g_others.i_delay_cntrl_data/CNTRL_IN[0] |                                                                                                                                                                |                2 |             16 |
|  clk_IBUF_BUFG                                                                                                   | Transmitter/PSF_Q/PulseFilter/U0/i_synth/g_polyphase_interpolation.i_polyphase_interpolation/cntrl_data[0]_3[3]                                                                  |                                                                                                                                                                |                2 |             16 |
|  clk_IBUF_BUFG                                                                                                   | Transmitter/PSF_I/PulseFilter/U0/i_synth/g_polyphase_interpolation.i_polyphase_interpolation/g_opbuff.i_latch_op_src_sel/latch_op                                                |                                                                                                                                                                |                4 |             16 |
|  Transmitter/PSF_Q/PulseFilter/U0/i_synth/g_polyphase_interpolation.i_polyphase_interpolation/m_axis_data_tvalid |                                                                                                                                                                                  |                                                                                                                                                                |                6 |             16 |
|  clk_IBUF_BUFG                                                                                                   | Transmitter/PSF_I/PulseFilter/U0/i_synth/g_polyphase_interpolation.i_polyphase_interpolation/g_semi_parallel_and_smac.g_cntrl_signals[7].g_others.i_delay_cntrl_data/CNTRL_IN[0] |                                                                                                                                                                |                2 |             16 |
|  clk_IBUF_BUFG                                                                                                   | Transmitter/PSF_I/PulseFilter/U0/i_synth/g_polyphase_interpolation.i_polyphase_interpolation/cntrl_data[0]_3[3]                                                                  |                                                                                                                                                                |                2 |             16 |
|  clk_IBUF_BUFG                                                                                                   |                                                                                                                                                                                  | Transmitter/Display/n_0_cdcount[0]_i_1                                                                                                                         |                5 |             18 |
|  clk_IBUF_BUFG                                                                                                   | Transmitter/PSF_I/PulseFilter/U0/i_synth/g_polyphase_interpolation.i_polyphase_interpolation/g_semi_parallel_and_smac.g_latch_op_sym_pair.i_latch_op/p_2_out                     |                                                                                                                                                                |                4 |             32 |
|  clk_IBUF_BUFG                                                                                                   | Transmitter/CharacterToIQ/Serializer/n_0_bitIdx[0]_i_2                                                                                                                           | Transmitter/CharacterToIQ/Serializer/resetBitIdx                                                                                                               |                8 |             32 |
|  clk_IBUF_BUFG                                                                                                   | Transmitter/PSF_Q/PulseFilter/U0/i_synth/g_polyphase_interpolation.i_polyphase_interpolation/cntrl_data[0]_3[8]                                                                  |                                                                                                                                                                |                6 |             32 |
|  clk_IBUF_BUFG                                                                                                   | Transmitter/PSF_I/PulseFilter/U0/i_synth/g_polyphase_interpolation.i_polyphase_interpolation/cntrl_data[0]_3[8]                                                                  |                                                                                                                                                                |                5 |             32 |
|  clk_IBUF_BUFG                                                                                                   | Transmitter/PSF_Q/PulseFilter/U0/i_synth/g_polyphase_interpolation.i_polyphase_interpolation/g_semi_parallel_and_smac.g_latch_op_sym_pair.i_latch_op/p_2_out                     |                                                                                                                                                                |                4 |             32 |
|  Transmitter/PSF_I/PulseFilter/U0/i_synth/g_polyphase_interpolation.i_polyphase_interpolation/m_axis_data_tvalid |                                                                                                                                                                                  |                                                                                                                                                                |               43 |            177 |
|  clk_IBUF_BUFG                                                                                                   | Transmitter/PSF_I/modemRx_in_sampleClk                                                                                                                                           |                                                                                                                                                                |               78 |            295 |
|  clk_IBUF_BUFG                                                                                                   |                                                                                                                                                                                  |                                                                                                                                                                |              162 |            555 |
+------------------------------------------------------------------------------------------------------------------+----------------------------------------------------------------------------------------------------------------------------------------------------------------------------------+----------------------------------------------------------------------------------------------------------------------------------------------------------------+------------------+----------------+


